// Jest Snapshot v1, https://goo.gl/fbAQLP

exports[`Card should match the snapshot 1`] = `
ShallowWrapper {
  Symbol(enzyme.__root__): [Circular],
  Symbol(enzyme.__unrendered__): <Unknown
    evaluateClass={[Function]}
    saveFavorite={[Function]}
/>,
  Symbol(enzyme.__renderer__): Object {
    "batchedUpdates": [Function],
    "getNode": [Function],
    "render": [Function],
    "simulateEvent": [Function],
    "unmount": [Function],
  },
  Symbol(enzyme.__node__): Object {
    "instance": null,
    "key": undefined,
    "nodeType": "host",
    "props": Object {
      "children": Array [
        <h2 />,
        <img
          alt="movie poster"
          src={undefined}
/>,
        <h3>
          Rating: 
</h3>,
        <p />,
        <p />,
        <button
          className={undefined}
          onClick={[Function]}
>
          FAVORITE
</button>,
      ],
      "className": "card",
    },
    "ref": null,
    "rendered": Array [
      Object {
        "instance": null,
        "key": undefined,
        "nodeType": "host",
        "props": Object {
          "children": undefined,
        },
        "ref": null,
        "rendered": null,
        "type": "h2",
      },
      Object {
        "instance": null,
        "key": undefined,
        "nodeType": "host",
        "props": Object {
          "alt": "movie poster",
          "src": undefined,
        },
        "ref": null,
        "rendered": null,
        "type": "img",
      },
      Object {
        "instance": null,
        "key": undefined,
        "nodeType": "host",
        "props": Object {
          "children": Array [
            "Rating: ",
            undefined,
          ],
        },
        "ref": null,
        "rendered": Array [
          "Rating: ",
          undefined,
        ],
        "type": "h3",
      },
      Object {
        "instance": null,
        "key": undefined,
        "nodeType": "host",
        "props": Object {
          "children": undefined,
        },
        "ref": null,
        "rendered": null,
        "type": "p",
      },
      Object {
        "instance": null,
        "key": undefined,
        "nodeType": "host",
        "props": Object {
          "children": undefined,
        },
        "ref": null,
        "rendered": null,
        "type": "p",
      },
      Object {
        "instance": null,
        "key": undefined,
        "nodeType": "host",
        "props": Object {
          "children": "FAVORITE",
          "className": undefined,
          "onClick": [Function],
        },
        "ref": null,
        "rendered": "FAVORITE",
        "type": "button",
      },
    ],
    "type": "div",
  },
  Symbol(enzyme.__nodes__): Array [
    Object {
      "instance": null,
      "key": undefined,
      "nodeType": "host",
      "props": Object {
        "children": Array [
          <h2 />,
          <img
            alt="movie poster"
            src={undefined}
/>,
          <h3>
            Rating: 
</h3>,
          <p />,
          <p />,
          <button
            className={undefined}
            onClick={[Function]}
>
            FAVORITE
</button>,
        ],
        "className": "card",
      },
      "ref": null,
      "rendered": Array [
        Object {
          "instance": null,
          "key": undefined,
          "nodeType": "host",
          "props": Object {
            "children": undefined,
          },
          "ref": null,
          "rendered": null,
          "type": "h2",
        },
        Object {
          "instance": null,
          "key": undefined,
          "nodeType": "host",
          "props": Object {
            "alt": "movie poster",
            "src": undefined,
          },
          "ref": null,
          "rendered": null,
          "type": "img",
        },
        Object {
          "instance": null,
          "key": undefined,
          "nodeType": "host",
          "props": Object {
            "children": Array [
              "Rating: ",
              undefined,
            ],
          },
          "ref": null,
          "rendered": Array [
            "Rating: ",
            undefined,
          ],
          "type": "h3",
        },
        Object {
          "instance": null,
          "key": undefined,
          "nodeType": "host",
          "props": Object {
            "children": undefined,
          },
          "ref": null,
          "rendered": null,
          "type": "p",
        },
        Object {
          "instance": null,
          "key": undefined,
          "nodeType": "host",
          "props": Object {
            "children": undefined,
          },
          "ref": null,
          "rendered": null,
          "type": "p",
        },
        Object {
          "instance": null,
          "key": undefined,
          "nodeType": "host",
          "props": Object {
            "children": "FAVORITE",
            "className": undefined,
            "onClick": [Function],
          },
          "ref": null,
          "rendered": "FAVORITE",
          "type": "button",
        },
      ],
      "type": "div",
    },
  ],
  Symbol(enzyme.__options__): Object {
    "adapter": ReactSixteenAdapter {
      "options": Object {
        "enableComponentDidUpdateOnSetState": true,
        "lifecycles": Object {
          "componentDidUpdate": Object {
            "onSetState": true,
          },
          "getDerivedStateFromProps": true,
          "getSnapshotBeforeUpdate": true,
          "setState": Object {
            "skipsComponentDidUpdateOnNullish": true,
          },
        },
      },
    },
    "attachTo": undefined,
    "hydrateIn": undefined,
  },
}
`;
