// Jest Snapshot v1, https://goo.gl/fbAQLP

exports[`UserSignup should match the snapshot 1`] = `
ShallowWrapper {
  Symbol(enzyme.__root__): [Circular],
  Symbol(enzyme.__unrendered__): <UserSignup
    handleSignup={[Function]}
/>,
  Symbol(enzyme.__renderer__): Object {
    "batchedUpdates": [Function],
    "getNode": [Function],
    "render": [Function],
    "simulateEvent": [Function],
    "unmount": [Function],
  },
  Symbol(enzyme.__node__): Object {
    "instance": null,
    "key": undefined,
    "nodeType": "host",
    "props": Object {
      "children": <form
        className="submit-form"
        onSubmit={[Function]}
>
        <h2
                className="signup-title"
        >
                Sign Up
        </h2>
        <input
                className="signup-input"
                name="name"
                onChange={[Function]}
                placeholder="User Name"
                type="text"
                value=""
        />
        <input
                className="signup-input"
                name="email"
                onChange={[Function]}
                placeholder="Email"
                type="email"
                value=""
        />
        <input
                className="signup-input"
                name="password"
                onChange={[Function]}
                placeholder="Password"
                type="password"
                value=""
        />
        <div>
                <button
                        className="user-submit-button"
                >
                        Sign Up
                </button>
                <button
                        className="user-submit-button"
                        id="user-submit-button"
                        onClick={[Function]}
                >
                        Cancel
                </button>
        </div>
</form>,
    },
    "ref": null,
    "rendered": Object {
      "instance": null,
      "key": undefined,
      "nodeType": "host",
      "props": Object {
        "children": Array [
          <h2
            className="signup-title"
>
            Sign Up
</h2>,
          <input
            className="signup-input"
            name="name"
            onChange={[Function]}
            placeholder="User Name"
            type="text"
            value=""
/>,
          <input
            className="signup-input"
            name="email"
            onChange={[Function]}
            placeholder="Email"
            type="email"
            value=""
/>,
          <input
            className="signup-input"
            name="password"
            onChange={[Function]}
            placeholder="Password"
            type="password"
            value=""
/>,
          <div>
            <button
                        className="user-submit-button"
            >
                        Sign Up
            </button>
            <button
                        className="user-submit-button"
                        id="user-submit-button"
                        onClick={[Function]}
            >
                        Cancel
            </button>
</div>,
        ],
        "className": "submit-form",
        "onSubmit": [Function],
      },
      "ref": null,
      "rendered": Array [
        Object {
          "instance": null,
          "key": undefined,
          "nodeType": "host",
          "props": Object {
            "children": "Sign Up",
            "className": "signup-title",
          },
          "ref": null,
          "rendered": "Sign Up",
          "type": "h2",
        },
        Object {
          "instance": null,
          "key": undefined,
          "nodeType": "host",
          "props": Object {
            "className": "signup-input",
            "name": "name",
            "onChange": [Function],
            "placeholder": "User Name",
            "type": "text",
            "value": "",
          },
          "ref": null,
          "rendered": null,
          "type": "input",
        },
        Object {
          "instance": null,
          "key": undefined,
          "nodeType": "host",
          "props": Object {
            "className": "signup-input",
            "name": "email",
            "onChange": [Function],
            "placeholder": "Email",
            "type": "email",
            "value": "",
          },
          "ref": null,
          "rendered": null,
          "type": "input",
        },
        Object {
          "instance": null,
          "key": undefined,
          "nodeType": "host",
          "props": Object {
            "className": "signup-input",
            "name": "password",
            "onChange": [Function],
            "placeholder": "Password",
            "type": "password",
            "value": "",
          },
          "ref": null,
          "rendered": null,
          "type": "input",
        },
        Object {
          "instance": null,
          "key": undefined,
          "nodeType": "host",
          "props": Object {
            "children": Array [
              <button
                className="user-submit-button"
>
                Sign Up
</button>,
              <button
                className="user-submit-button"
                id="user-submit-button"
                onClick={[Function]}
>
                Cancel
</button>,
            ],
          },
          "ref": null,
          "rendered": Array [
            Object {
              "instance": null,
              "key": undefined,
              "nodeType": "host",
              "props": Object {
                "children": "Sign Up",
                "className": "user-submit-button",
              },
              "ref": null,
              "rendered": "Sign Up",
              "type": "button",
            },
            Object {
              "instance": null,
              "key": undefined,
              "nodeType": "host",
              "props": Object {
                "children": "Cancel",
                "className": "user-submit-button",
                "id": "user-submit-button",
                "onClick": [Function],
              },
              "ref": null,
              "rendered": "Cancel",
              "type": "button",
            },
          ],
          "type": "div",
        },
      ],
      "type": "form",
    },
    "type": "div",
  },
  Symbol(enzyme.__nodes__): Array [
    Object {
      "instance": null,
      "key": undefined,
      "nodeType": "host",
      "props": Object {
        "children": <form
          className="submit-form"
          onSubmit={[Function]}
>
          <h2
                    className="signup-title"
          >
                    Sign Up
          </h2>
          <input
                    className="signup-input"
                    name="name"
                    onChange={[Function]}
                    placeholder="User Name"
                    type="text"
                    value=""
          />
          <input
                    className="signup-input"
                    name="email"
                    onChange={[Function]}
                    placeholder="Email"
                    type="email"
                    value=""
          />
          <input
                    className="signup-input"
                    name="password"
                    onChange={[Function]}
                    placeholder="Password"
                    type="password"
                    value=""
          />
          <div>
                    <button
                              className="user-submit-button"
                    >
                              Sign Up
                    </button>
                    <button
                              className="user-submit-button"
                              id="user-submit-button"
                              onClick={[Function]}
                    >
                              Cancel
                    </button>
          </div>
</form>,
      },
      "ref": null,
      "rendered": Object {
        "instance": null,
        "key": undefined,
        "nodeType": "host",
        "props": Object {
          "children": Array [
            <h2
              className="signup-title"
>
              Sign Up
</h2>,
            <input
              className="signup-input"
              name="name"
              onChange={[Function]}
              placeholder="User Name"
              type="text"
              value=""
/>,
            <input
              className="signup-input"
              name="email"
              onChange={[Function]}
              placeholder="Email"
              type="email"
              value=""
/>,
            <input
              className="signup-input"
              name="password"
              onChange={[Function]}
              placeholder="Password"
              type="password"
              value=""
/>,
            <div>
              <button
                            className="user-submit-button"
              >
                            Sign Up
              </button>
              <button
                            className="user-submit-button"
                            id="user-submit-button"
                            onClick={[Function]}
              >
                            Cancel
              </button>
</div>,
          ],
          "className": "submit-form",
          "onSubmit": [Function],
        },
        "ref": null,
        "rendered": Array [
          Object {
            "instance": null,
            "key": undefined,
            "nodeType": "host",
            "props": Object {
              "children": "Sign Up",
              "className": "signup-title",
            },
            "ref": null,
            "rendered": "Sign Up",
            "type": "h2",
          },
          Object {
            "instance": null,
            "key": undefined,
            "nodeType": "host",
            "props": Object {
              "className": "signup-input",
              "name": "name",
              "onChange": [Function],
              "placeholder": "User Name",
              "type": "text",
              "value": "",
            },
            "ref": null,
            "rendered": null,
            "type": "input",
          },
          Object {
            "instance": null,
            "key": undefined,
            "nodeType": "host",
            "props": Object {
              "className": "signup-input",
              "name": "email",
              "onChange": [Function],
              "placeholder": "Email",
              "type": "email",
              "value": "",
            },
            "ref": null,
            "rendered": null,
            "type": "input",
          },
          Object {
            "instance": null,
            "key": undefined,
            "nodeType": "host",
            "props": Object {
              "className": "signup-input",
              "name": "password",
              "onChange": [Function],
              "placeholder": "Password",
              "type": "password",
              "value": "",
            },
            "ref": null,
            "rendered": null,
            "type": "input",
          },
          Object {
            "instance": null,
            "key": undefined,
            "nodeType": "host",
            "props": Object {
              "children": Array [
                <button
                  className="user-submit-button"
>
                  Sign Up
</button>,
                <button
                  className="user-submit-button"
                  id="user-submit-button"
                  onClick={[Function]}
>
                  Cancel
</button>,
              ],
            },
            "ref": null,
            "rendered": Array [
              Object {
                "instance": null,
                "key": undefined,
                "nodeType": "host",
                "props": Object {
                  "children": "Sign Up",
                  "className": "user-submit-button",
                },
                "ref": null,
                "rendered": "Sign Up",
                "type": "button",
              },
              Object {
                "instance": null,
                "key": undefined,
                "nodeType": "host",
                "props": Object {
                  "children": "Cancel",
                  "className": "user-submit-button",
                  "id": "user-submit-button",
                  "onClick": [Function],
                },
                "ref": null,
                "rendered": "Cancel",
                "type": "button",
              },
            ],
            "type": "div",
          },
        ],
        "type": "form",
      },
      "type": "div",
    },
  ],
  Symbol(enzyme.__options__): Object {
    "adapter": ReactSixteenAdapter {
      "options": Object {
        "enableComponentDidUpdateOnSetState": true,
        "lifecycles": Object {
          "componentDidUpdate": Object {
            "onSetState": true,
          },
          "getDerivedStateFromProps": true,
          "getSnapshotBeforeUpdate": true,
          "setState": Object {
            "skipsComponentDidUpdateOnNullish": true,
          },
        },
      },
    },
    "attachTo": undefined,
    "hydrateIn": undefined,
  },
}
`;
